  Determining projects to restore...
  All projects are up-to-date for restore.
  Xixihihi.Domain -> D:\Desktop\xixihihi\Xixihihi.Domain\bin\Debug\net10.0\Xixihihi.Domain.dll
  Xixihihi.Application -> D:\Desktop\xixihihi\Xixihihi.Application\bin\Debug\net10.0\Xixihihi.Application.dll
  Xixihihi.Infrastructure -> D:\Desktop\xixihihi\Xixihihi.Infrastructure\bin\Debug\net10.0\Xixihihi.Infrastructure.dll
  Xixihihi.API -> D:\Desktop\xixihihi\Xixihihi.API\bin\Debug\net10.0\Xixihihi.API.dll
  Xixihihi.API.Tests -> D:\Desktop\xixihihi\Xixihihi.API.Tests\bin\Debug\net10.0\Xixihihi.API.Tests.dll
Test run for D:\Desktop\xixihihi\Xixihihi.API.Tests\bin\Debug\net10.0\Xixihihi.API.Tests.dll (.NETCoreApp,Version=v10.0)
A total of 1 test files matched the specified pattern.
D:\Desktop\xixihihi\Xixihihi.API.Tests\bin\Debug\net10.0\Xixihihi.API.Tests.dll
[xUnit.net 00:00:00.00] xUnit.net VSTest Adapter v3.1.4+50e68bbb8b (64-bit .NET 10.0.6)
[xUnit.net 00:00:00.14]   Discovering: Xixihihi.API.Tests
[xUnit.net 00:00:00.21]   Discovered:  Xixihihi.API.Tests
[xUnit.net 00:00:00.26]   Starting:    Xixihihi.API.Tests
[14:21:06 INF] Saved 0 entities to in-memory store.
[14:21:06 INF] Application started. Press Ctrl+C to shut down.
[14:21:06 INF] Hosting environment: Development
[14:21:06 INF] Content root path: D:\Desktop\xixihihi\Xixihihi.API
[14:21:06 WRN] Failed to determine the https port for redirect.
[14:21:06 WRN] You do not have a valid license key for the Lucky Penny software MediatR. This is allowed for development and testing scenarios. If you are running in production you are required to have a licensed version. Please visit https://luckypennysoftware.com to obtain a valid license.
[14:21:07 ERR] An unhandled exception has occurred.
Microsoft.EntityFrameworkCore.DbUpdateConcurrencyException: Attempted to update or delete an entity that does not exist in the store.
   at Microsoft.EntityFrameworkCore.InMemory.Storage.Internal.InMemoryTable`1.Update(IUpdateEntry entry, IDiagnosticsLogger`1 updateLogger)
   at Microsoft.EntityFrameworkCore.InMemory.Storage.Internal.InMemoryStore.ExecuteTransaction(IList`1 entries, IDiagnosticsLogger`1 updateLogger)
   at Microsoft.EntityFrameworkCore.InMemory.Storage.Internal.InMemoryDatabase.SaveChangesAsync(IList`1 entries, CancellationToken cancellationToken)
   at Microsoft.EntityFrameworkCore.ChangeTracking.Internal.StateManager.SaveChangesAsync(IList`1 entriesToSave, CancellationToken cancellationToken)
   at Microsoft.EntityFrameworkCore.ChangeTracking.Internal.StateManager.SaveChangesAsync(StateManager stateManager, Boolean acceptAllChangesOnSuccess, CancellationToken cancellationToken)
   at Microsoft.EntityFrameworkCore.DbContext.SaveChangesAsync(Boolean acceptAllChangesOnSuccess, CancellationToken cancellationToken)
   at Xixihihi.Application.Features.Auth.Commands.LoginWithGoogleCommandHandler.Handle(LoginWithGoogleCommand request, CancellationToken cancellationToken) in D:\Desktop\xixihihi\Xixihihi.Application\Features\Auth\Commands\LoginWithGoogleCommandHandler.cs:line 89
   at Xixihihi.Application.Behaviors.ValidationBehavior`2.Handle(TRequest request, RequestHandlerDelegate`1 next, CancellationToken cancellationToken) in D:\Desktop\xixihihi\Xixihihi.Application\Behaviors\ValidationBehavior.cs:line 36
   at Xixihihi.API.Controllers.AuthController.LoginWithGoogle(LoginWithGoogleCommand command) in D:\Desktop\xixihihi\Xixihihi.API\Controllers\AuthController.cs:line 24
   at Microsoft.AspNetCore.Mvc.Infrastructure.ActionMethodExecutor.TaskOfIActionResultExecutor.Execute(ActionContext actionContext, IActionResultTypeMapper mapper, ObjectMethodExecutor executor, Object controller, Object[] arguments)
   at Microsoft.AspNetCore.Mvc.Infrastructure.ControllerActionInvoker.<InvokeActionMethodAsync>g__Awaited|12_0(ControllerActionInvoker invoker, ValueTask`1 actionResultValueTask)
   at Microsoft.AspNetCore.Mvc.Infrastructure.ControllerActionInvoker.<InvokeNextActionFilterAsync>g__Awaited|10_0(ControllerActionInvoker invoker, Task lastTask, State next, Scope scope, Object state, Boolean isCompleted)
   at Microsoft.AspNetCore.Mvc.Infrastructure.ControllerActionInvoker.Rethrow(ActionExecutedContextSealed context)
   at Microsoft.AspNetCore.Mvc.Infrastructure.ControllerActionInvoker.Next(State& next, Scope& scope, Object& state, Boolean& isCompleted)
   at Microsoft.AspNetCore.Mvc.Infrastructure.ControllerActionInvoker.InvokeInnerFilterAsync()
--- End of stack trace from previous location ---
   at Microsoft.AspNetCore.Mvc.Infrastructure.ResourceInvoker.<InvokeFilterPipelineAsync>g__Awaited|20_0(ResourceInvoker invoker, Task lastTask, State next, Scope scope, Object state, Boolean isCompleted)
   at Microsoft.AspNetCore.Mvc.Infrastructure.ResourceInvoker.<InvokeAsync>g__Awaited|17_0(ResourceInvoker invoker, Task task, IDisposable scope)
   at Microsoft.AspNetCore.Mvc.Infrastructure.ResourceInvoker.<InvokeAsync>g__Awaited|17_0(ResourceInvoker invoker, Task task, IDisposable scope)
   at Microsoft.AspNetCore.Authorization.AuthorizationMiddleware.Invoke(HttpContext context)
   at Microsoft.AspNetCore.Authentication.AuthenticationMiddleware.Invoke(HttpContext context)
   at Microsoft.AspNetCore.RateLimiting.RateLimitingMiddleware.InvokeInternal(HttpContext context, EnableRateLimitingAttribute enableRateLimitingAttribute)
   at Xixihihi.API.Middleware.ExceptionHandlingMiddleware.InvokeAsync(HttpContext context) in D:\Desktop\xixihihi\Xixihihi.API\Middleware\ExceptionHandlingMiddleware.cs:line 23
     Warning:
     The component "Fluent Assertions" is governed by the rules defined in the Xceed License Agreement and
     the Xceed Fluent Assertions Community License. You may use Fluent Assertions free of charge for
     non-commercial use only. An active subscription is required to use Fluent Assertions for commercial use.
     Please contact Xceed Sales mailto:sales@xceed.com to acquire a subscription at a very low cost.
     A paid commercial license supports the development and continued increasing support of
     Fluent Assertions users under both commercial and community licenses. Help us
     keep Fluent Assertions at the forefront of unit testing.
     For more information, visit https://xceed.com/products/unit-testing/fluent-assertions/
[xUnit.net 00:00:03.15]       Expected response.StatusCode to be HttpStatusCode.OK {value: 200}, but found HttpStatusCode.InternalServerError {value: 500}.
[xUnit.net 00:00:03.15]       Stack Trace:
[xUnit.net 00:00:03.15]            at FluentAssertions.Primitives.EnumAssertions`2.Be(TEnum expected, String because, Object[] becauseArgs)
[xUnit.net 00:00:03.15]         D:\Desktop\xixihihi\Xixihihi.API.Tests\Controllers\AuthIntegrationTests.cs(28,0): at Xixihihi.API.Tests.Controllers.AuthIntegrationTests.GoogleLogin_WithValidToken_ReturnsTokens()
[xUnit.net 00:00:03.15]         --- End of stack trace from previous location ---
[14:21:07 INF] Application is shutting down...
[xUnit.net 00:00:03.20]   Finished:    Xixihihi.API.Tests
  Failed Xixihihi.API.Tests.Controllers.AuthIntegrationTests.GoogleLogin_WithValidToken_ReturnsTokens [2 s]
  Error Message:
   Expected response.StatusCode to be HttpStatusCode.OK {value: 200}, but found HttpStatusCode.InternalServerError {value: 500}.
  Stack Trace:
     at FluentAssertions.Primitives.EnumAssertions`2.Be(TEnum expected, String because, Object[] becauseArgs)
   at Xixihihi.API.Tests.Controllers.AuthIntegrationTests.GoogleLogin_WithValidToken_ReturnsTokens() in D:\Desktop\xixihihi\Xixihihi.API.Tests\Controllers\AuthIntegrationTests.cs:line 28
--- End of stack trace from previous location ---

Total tests: 1
     Failed: 1
 Total time: 4,2443 Seconds
